0x2
Whitespace "\n"
2
Whitespace "\n"
.2
Whitespace "\n"
2.
Whitespace "\n"
2.e2
Whitespace "\n"
2...3
Whitespace "\n"
end of file
