fail_unterminated_string.lua: Unterminated string [parse:syntax-error]
   │
 1 │ print("
   │        ^
