arg_arg.lua: Argument named "arg". [var:arg-arg]
   │
 3 │ local function f(arg, arg) end
   │                  ^^^

arg_arg.lua: Argument named "arg". [var:arg-arg]
   │
 3 │ local function f(arg, arg) end
   │                       ^^^
No errors and 2 warnings
