assign_mismatch.lua: Right-hand side of assignment has more values than left hand side expects. [var:unbalanced-assign]
   │
 4 │ local x, y = 0, 0, 0
   │ ^^^^^^^^^^^^^^^^^^^^

assign_mismatch.lua: Right-hand side of assignment has less values than left hand side expects. [var:unbalanced-assign]
   │
 6 │ x, y = 0
   │ ^^^^^^^^

assign_mismatch.lua: Right-hand side of assignment has more values than left hand side expects. [var:unbalanced-assign]
   │
 7 │ x, y = 0, 0, 0
   │ ^^^^^^^^
No errors and 3 warnings
