bracket_space_nospace.lua: Inconsistent spacing [format:bracket-space]
   │
 3 │ local _ = { 1}, {1 }, {1}, { 1 }
   │           ^^^^
Should not have spaces within the brackets.

bracket_space_nospace.lua: Inconsistent spacing [format:bracket-space]
   │
 3 │ local _ = { 1}, {1 }, {1}, { 1 }
   │                 ^^^^
Should not have spaces within the brackets.

bracket_space_nospace.lua: Inconsistent spacing [format:bracket-space]
   │
 3 │ local _ = { 1}, {1 }, {1}, { 1 }
   │                            ^^^^^
Should not have spaces within the brackets.
No errors and 3 warnings
 -- config: (lint (only format:bracket-space) (bracket-spaces (table no-space)))
 
-local _ = { 1}, {1 }, {1}, { 1 }
+local _ = {1}, {1}, {1}, {1}
 
