bracket_space_space.lua: Inconsistent spacing [format:bracket-space]
   │
 3 │ local _ = { 1}, {1 }, {1}, { 1 }
   │           ^^^^
Should have spaces within the brackets.

bracket_space_space.lua: Inconsistent spacing [format:bracket-space]
   │
 3 │ local _ = { 1}, {1 }, {1}, { 1 }
   │                 ^^^^
Should have spaces within the brackets.

bracket_space_space.lua: Inconsistent spacing [format:bracket-space]
   │
 3 │ local _ = { 1}, {1 }, {1}, { 1 }
   │                       ^^^
Should have spaces within the brackets.
No errors and 3 warnings
 -- config: (lint (only format:bracket-space) (bracket-spaces (table space)))
 
-local _ = { 1}, {1 }, {1}, { 1 }
+local _ = { 1 }, { 1 }, { 1 }, { 1 }
 
