deprecated.lua: Using deprecated member. [var:deprecated]
    │
 10 │ x.a = 1
    │ ^

deprecated.lua: Using deprecated member. [var:deprecated]
    │
 11 │ print(x, y)
    │       ^

deprecated.lua: Using deprecated member. [var:deprecated]
    │
 11 │ print(x, y)
    │          ^
Use something else instead
No errors and 3 warnings
