detached_comment.lua:[3:1-3:44]: Detached doc comment, this will not be processed [doc:detached-comment]
   │
 3 │ --- This is a detached documentation comment
   │ ^^^^^^^^^^^^^^^^^^^^^^^^^^^^^^^^^^^^^^^^^^^^
detached_comment.lua:[10:24-10:35]: Detached doc comment, this will not be processed [doc:detached-comment]
    │
 10 │   x = 0, --[[-useful]] --- detached
    │                        ^^^^^^^^^^^^
detached_comment.lua:[13:1-13:17]: Detached doc comment, this will not be processed [doc:detached-comment]
    │
 13 │ --- Also detached
    │ ^^^^^^^^^^^^^^^^^
No errors and 3 warnings
