doc_parse.lua: Duplicate @module definitions (named 'foo' and 'bar') [doc:duplicate-definitions]
   │
 6 │ -- @module bar
   │    ^^^^^^^

doc_parse.lua: Duplicate @module definitions (named 'foo' and '') [doc:duplicate-definitions]
   │
 7 │ -- @module[x]
   │    ^^^^^^^

doc_parse.lua: @module has unknown flag 'x' [doc:unknown-flag]
   │
 7 │ -- @module[x]
   │            ^

doc_parse.lua: Unknown tag @unknown [doc:unknown-tag]
   │
 9 │ --- @unknown
   │     ^^^^^^^^

doc_parse.lua: Unknown tag @unknown [doc:unknown-tag]
    │
 12 │   @unknown
    │   ^^^^^^^^
5 errors and 0 warnings
