malformed_number.lua: Malformed number [syntax:malformed-number]
   │
 3 │   2..,
   │   ^^^

malformed_number.lua: Malformed number [syntax:malformed-number]
   │
 4 │   2...,
   │   ^^^^

malformed_number.lua: Malformed number [syntax:malformed-number]
   │
 5 │   2.2..,
   │   ^^^^^

malformed_number.lua: Malformed number [syntax:malformed-number]
   │
 6 │   2e2.2,
   │   ^^^^^
4 errors and 0 warnings
