method_name.lua: Method names cannot appear at this position. [syntax:method-name]
   │
 3 │ function x:y:z() end
   │            ^

method_name.lua: Method names cannot appear at this position. [syntax:method-name]
   │
 4 │ function x:y.z() end
   │            ^
2 errors and 0 warnings
