parens.clarify.lua:[3:11-3:17]: Unnecessary parenthesis. [syntax:redundant-parens]
   │
 3 │ local _ = (2 + 2)
   │           ^^^^^^^
parens.clarify.lua:[12:11-12:19]: Unnecessary parenthesis. [syntax:redundant-parens]
    │
 12 │ local _ = ((2 + 2)) * 2
    │           ^^^^^^^^^
parens.clarify.lua:[13:15-13:23]: Unnecessary parenthesis. [syntax:redundant-parens]
    │
 13 │ local _ = 2 + ((2 * 2))
    │               ^^^^^^^^^
parens.clarify.lua:[14:15-14:23]: Unnecessary parenthesis. [syntax:redundant-parens]
    │
 14 │ local _ = 2 + ((2 + 2))
    │               ^^^^^^^^^
parens.clarify.lua:[15:11-15:19]: Unnecessary parenthesis. [syntax:redundant-parens]
    │
 15 │ local _ = ((2 + 2)) + 2
    │           ^^^^^^^^^
No errors and 5 warnings
 -- config: (lint (only syntax:redundant-parens) (allow-clarifying-parens true))
 
-local _ = (2 + 2)
+local _ = 2 + 2
 local _ = (2 + 2)() -- ok
 local _ = (2 + 2)[1] -- ok
 
 local _ = (2 + 2) * 2 -- ok
 local _ = 2 + (2 * 2) -- ok
 local _ = 2 + (2 + 2) -- ok
 local _ = (2 + 2) + 2 -- ok
 
-local _ = ((2 + 2)) * 2
-local _ = 2 + ((2 * 2))
-local _ = 2 + ((2 + 2))
-local _ = ((2 + 2)) + 2
+local _ = (2 + 2) * 2
+local _ = 2 + (2 * 2)
+local _ = 2 + (2 + 2)
+local _ = (2 + 2) + 2
 
