pcall_eta.lua:[3:1-3:32]: Prefer passing function arguments to pcall, rather than using a closure. [stdlib:pcall-eta]
   │
 3 │ pcall(function() f(1, 2, 3) end)
   │ ^^^^^^^^^^^^^^^^^^^^^^^^^^^^^^^^
pcall_eta.lua:[4:1-4:39]: Prefer passing function arguments to pcall, rather than using a closure. [stdlib:pcall-eta]
   │
 4 │ pcall(function() return f(1, 2, 3) end)
   │ ^^^^^^^^^^^^^^^^^^^^^^^^^^^^^^^^^^^^^^^
pcall_eta.lua:[13:1-17:4]: Prefer passing function arguments to pcall, rather than using a closure. [stdlib:pcall-eta]
    │
 13 │ pcall(function()
    │ ^^^^^^^^^^^^^^^^
pcall_eta.lua:[19:12-19:43]: Prefer passing function arguments to pcall, rather than using a closure. [stdlib:pcall-eta]
    │
 19 │ local ok = pcall(function() f(1, 2, 3) end)
    │            ^^^^^^^^^^^^^^^^^^^^^^^^^^^^^^^^
No errors and 4 warnings
 -- config: (lint (only stdlib:pcall-eta))
 
-pcall(function() f(1, 2, 3) end)
-pcall(function() return f(1, 2, 3) end)
+pcall(f, 1, 2, 3)
+pcall(f, 1, 2, 3)
 
 pcall(function() return f(f()) end) -- skip: side effect in args
 pcall(function(x) return f(x) end) -- skip: function arguments
 pcall(function() f(1, 2, 3) end, 1) -- skip: applying additional arguments
 pcall(function() f() g() end) -- skip: complex block
 
 -- Warns but doesn't fix.
 -- TODO: Handle this correctly
 pcall(function()
   return f(
       1
   )
 end)
 
-local ok = pcall(function() f(1, 2, 3) end)
+local ok = pcall(f, 1, 2, 3)
 
