set_global.lua: Setting unknown global variable "x". [var:set-global]
   │
 3 │ x, y, z = 0, 0
   │ ^

set_global.lua: Setting unknown global variable "y". [var:set-global]
   │
 3 │ x, y, z = 0, 0
   │    ^
No errors and 2 warnings
