spacing_assign.lua:[3:6-3:6]: Expected whitespace after ",". [format:separator-space]
   │
 3 │ x = 0,1, 2
   │      ^
spacing_assign.lua:[4:2-4:2]: Expected whitespace around "=". [format:separator-space]
   │
 4 │ x=0
   │  ^
spacing_assign.lua:[5:3-5:3]: Expected whitespace around "=". [format:separator-space]
   │
 5 │ x =0
   │   ^
No errors and 3 warnings
 -- config: (lint (only format:op-space format:separator-space))
 
-x = 0,1, 2
-x=0
-x =0
+x = 0, 1, 2
+x = 0
+x = 0
 x = 0 -- ok
 
