spacing_for.lua:[3:6-3:6]: Expected whitespace around "=". [format:separator-space]
   │
 3 │ for i=0, 10 do end
   │      ^
spacing_for.lua:[4:6-4:6]: Expected whitespace around "=". [format:separator-space]
   │
 4 │ for i= 0, 10 do end
   │      ^
No errors and 2 warnings
 -- config: (lint (only format:op-space format:separator-space))
 
-for i=0, 10 do end
-for i= 0, 10 do end
+for i = 0, 10 do end
+for i = 0, 10 do end
 for i = 0, 10 do end
 for i = 0, 10 do end -- ok
 
