spacing_lists.lua:[3:8-3:8]: Expected whitespace after ",". [format:separator-space]
   │
 3 │ print(0,1, 2)
   │        ^
spacing_lists.lua:[4:10-4:10]: Expected whitespace around "=". [format:separator-space]
   │
 4 │ print { x=0, 0,1, 2 }
   │          ^
spacing_lists.lua:[4:15-4:15]: Expected whitespace after ",". [format:separator-space]
   │
 4 │ print { x=0, 0,1, 2 }
   │               ^
spacing_lists.lua:[6:14-6:14]: Expected whitespace around "=". [format:separator-space]
   │
 6 │ local _ = { x=0 }
   │              ^
spacing_lists.lua:[7:14-7:14]: Expected whitespace around "=". [format:separator-space]
   │
 7 │ local _ = { x= 0 }
   │              ^
spacing_lists.lua:[8:15-8:15]: Expected whitespace around "=". [format:separator-space]
   │
 8 │ local _ = { x =0 }
   │               ^
No errors and 6 warnings
 -- config: (lint (only format:op-space))
 
-print(0,1, 2)
-print { x=0, 0,1, 2 }
+print(0, 1, 2)
+print { x = 0, 0, 1, 2 }
 
-local _ = { x=0 }
-local _ = { x= 0 }
-local _ = { x =0 }
+local _ = { x = 0 }
+local _ = { x = 0 }
+local _ = { x = 0 }
 local _ = { x = 0 } -- ok
 
