string_escape.lua: Unknown escape character '\('. [syntax:string-escape]
   │
 7 │   "a\(b",
   │     ^^

string_escape.lua: Unknown escape character '\('. [syntax:string-escape]
    │
 14 │   'a\(b',
    │     ^^
2 errors and 0 warnings
