string_format.lua: Format string takes 3 parameters, but only given 0 arguments. [stdlib:string-format]
   │
 3 │ local _ = string.format("%s %.2f % +s") -- ok
   │           ^^^^^^^^^^^^^^^^^^^^^^^^^^^^^

string_format.lua: Unknown specifier '%?' [stdlib:string-format]
   │
 4 │ local _ = string.format("%?")
   │                         ^^^^

string_format.lua: Redundant flags to format string '%' [stdlib:string-format]
   │
 6 │ local _ = string.format("%2%")
   │                         ^^^^^
No errors and 3 warnings
