string_quote.lua: String should use double quotes ('"') [format:string-quote]
   │
 3 │ print("foo", 'foo', [[foo]])
   │              ^^^^^

string_quote.lua: String should use double quotes ('"') [format:string-quote]
   │
 4 │ print("'\n\"\'", '"\n\"\'', [[
   │                  ^^^^^^^^^
No errors and 2 warnings
 -- config: (lint (only format:string-quote))
 
-print("foo", 'foo', [[foo]])
-print("'\n\"\'", '"\n\"\'', [[
+print("foo", "foo", [[foo]])
+print("'\n\"\'", "\"\n\"\'", [[
 "']])
 
