string_len_indirect.lua:[7:11-7:21]: Prefer `#` over string.len [stdlib:string-len]
   │
 7 │ local _ = x.len "foo"
   │           ^^^^^^^^^^^
string_len_indirect.lua:[8:11-8:17]: Prefer `#` over string.len [stdlib:string-len]
   │
 8 │ local _ = y "foo"
   │           ^^^^^^^
string_len_indirect.lua:[9:11-9:17]: Prefer `#` over string.len [stdlib:string-len]
   │
 9 │ local _ = z "foo"
   │           ^^^^^^^
No errors and 3 warnings
 -- config: (lint (only stdlib:string-len))
 
 local x = string
 local y = string.len
 local z = x.len
 
-local _ = x.len "foo"
-local _ = y "foo"
-local _ = z "foo"
+local _ = #"foo"
+local _ = #"foo"
+local _ = #"foo"
 
