trailing_table.lua:[10:3-10:3]: Expected trailing "," on multiline table [format:table-trailing]
    │
 10 │   0
    │   ^
trailing_table.lua:[13:14-13:14]: Unexpected trailing "," on single line table [format:table-trailing]
    │
 13 │ local _ = { 0, }
    │              ^
No errors and 2 warnings
 -- config: (lint (only format:table-trailing))
 
 local _ = {} -- ok
 local _ = { 0 } -- ok
 local _ = { -- ok
   0, 1,
 }
 
 local _ = {
-  0
+  0,
 }
 
-local _ = { 0, }
+local _ = { 0 }
 
