unknown_global.lua: Using unknown global "c" [var:unknown-global]
   │
 6 │ print(a, b, c, c_module)
   │             ^

unknown_global.lua: Using unknown global "self" [var:unknown-global]
    │
 12 │ print(self) -- not ok
    │       ^^^^
No errors and 2 warnings
