unreachable.lua: Unreachable code [control:unreachable]
   │
 8 │   print()
   │   ^^^^^^^

unreachable.lua: Unreachable code [control:unreachable]
    │
 18 │   if f() then
    │   ^^^^^^^^^^^

unreachable.lua: Unreachable code [control:unreachable]
    │
 24 │   return
    │   ^^^^^^

unreachable.lua: Unreachable code [control:unreachable]
    │
 30 │   return
    │   ^^^^^^

unreachable.lua: Loop is executed at most once. [control:loop-once]
    │
 42 │   repeat
    │   ^^^^^^

unreachable.lua: Unreachable code [control:unreachable]
    │
 52 │     print()
    │     ^^^^^^^

unreachable.lua: Unreachable code [control:unreachable]
    │
 58 │   elseif f() then
    │          ^^^

unreachable.lua: Unreachable code [control:unreachable]
    │
 61 │     print()
    │     ^^^^^^^

unreachable.lua: Unreachable code [control:unreachable]
    │
 76 │ print()
    │ ^^^^^^^
No errors and 9 warnings
