unused_var.lua:[2:10-2:10]: Unused variable "y". [var:unused]
   │
 2 │ local x, y, z, _ = 0, 0, 0
   │          ^
unused_var.lua:[5:1-5:1]: Unused variable "y". [var:unused]
   │
 5 │ y = 0
   │ ^
unused_var.lua:[8:1-8:6]: Unused variable "global". [var:unused-global]
   │
 8 │ global = 0
   │ ^^^^^^
No errors and 3 warnings
 -- config: (lint (only var:unused))
-local x, y, z, _ = 0, 0, 0
+local x, _, z, _ = 0, 0, 0
 print(x)
 
-y = 0
+_ = 0
 z[0] = 0
 
-global = 0
+_ = 0
 
 -- FIXME: y = 0 should not warn for unused var (unused val? Sure)
 -- TODO: Is z bound or not?
 
