use_underscore.lua: Using "discard" variable `_`. [var:use-discard]
   │
 4 │ print(_)
   │       ^

use_underscore.lua: Using "discard" variable `_`. [var:use-discard]
   │
 5 │ x[_] = 0
   │   ^
No errors and 2 warnings
