((source deprecate.lua[1:1-3:14]) (description "<p>Deprecated twice</p>\n")
 (deprecated))
deprecate.lua:[3:4-3:14]: Duplicate @deprecated tags [doc:duplicate-definitions]
   │
 3 │ -- @deprecated
   │    ^^^^^^^^^^^
1 errors and 0 warnings
((source deprecate.lua[5:1-6:30]) (description "<p>With a message</p>\n")
 (deprecated "<p>Don't use this!</p>\n"))
