((source formatting.lua[1:1-5:62])
 (description
  "This is a long doc comment to test some formatting.\n\nThis <illuaminate:ref link='print'>is a reference to print</illuaminate:ref>, and <illuaminate:ref link='read.io'>read.io</illuaminate:ref> is a standalone reference.\n\nWe accept <illuaminate:colour colour='FFF'>\\#FFF</illuaminate:colour> and <illuaminate:colour colour='ff00aa'>\\#ff00aa</illuaminate:colour> colour formatting codes. <illuaminate:colour colour='999999'>\\#999999</illuaminate:colour>\n\n"))
