((source function.lua[1:1-9:20])
 (description "This is a short description\n\n")
 (args ((name c) (description "A second argument set\n\n")))
 (args ((name a) (description "Has no type\n\n"))
  ((name b) (type number) (description "Has a type\n\n")))
 (returns ((type number) (many) (description "Lots of me\n\n")))
 (returns ((description "Another return set\n\n")))
 (returns ((description "Some thing\n\n"))
  ((type number) (description "A number\n\n"))) (throws "A problem\n\n"))
