((source separator.lua[5:1-5:25])
 (description "\\--- This one should be\n\n"))
((source separator.lua[7:1-8:26])
 (description "This one also should be\n\n"))
