((source versions.lua[1:1-3:41])
 (description "<p>An item with some changes</p>\n")
 (changes change (kind changed) (version 2.3) (span versions.lua[3:4-3:11])
  (description "<p>With some additional data</p>\n"))
 (changes change (kind added) (version 1.2) (span versions.lua[2:4-2:9])))
